
File: C:\Users\VIVEK\Downloads\VEBStore\5.oneCart\frontend\src\component\Nav.jsx
  Line 19:11 [Error] 'getCurrentUser' is assigned a value but never used. Allowed unused vars must match /^[A-Z_]/u. (no-unused-vars)
  Line 42:6 [Warning] React Hook useEffect has a missing dependency: 'fetchUnreadCount'. Either include it or remove the dependency array. (react-hooks/exhaustive-deps)

File: C:\Users\VIVEK\Downloads\VEBStore\5.oneCart\frontend\src\component\NewLetterBox.jsx
  Line 25:14 [Error] 'error' is defined but never used. (no-unused-vars)

File: C:\Users\VIVEK\Downloads\VEBStore\5.oneCart\frontend\src\component\WhatsappModal.jsx
  Line 1:39 [Error] 'useEffect' is defined but never used. Allowed unused vars must match /^[A-Z_]/u. (no-unused-vars)
  Line 24:9 [Error] 'buildWelcomeMessage' is assigned a value but never used. Allowed unused vars must match /^[A-Z_]/u. (no-unused-vars)

File: C:\Users\VIVEK\Downloads\VEBStore\5.oneCart\frontend\src\context\AuthContext.jsx
  Line 3:14 [Warning] Fast refresh only works when a file only exports components. Move your React context(s) to a separate file. (react-refresh/only-export-components)

File: C:\Users\VIVEK\Downloads\VEBStore\5.oneCart\frontend\src\context\ShopContext.jsx
  Line 7:15 [Warning] Fast refresh only works when a file only exports components. Move your React context(s) to a separate file. (react-refresh/only-export-components)
  Line 113:18 [Error] 'error' is defined but never used. (no-unused-vars)
  Line 113:25 [Error] Empty block statement. (no-empty)
  Line 130:18 [Error] 'error' is defined but never used. (no-unused-vars)
  Line 130:25 [Error] Empty block statement. (no-empty)
  Line 141:7 [Warning] React Hook useEffect has a missing dependency: 'getProducts'. Either include it or remove the dependency array. (react-hooks/exhaustive-deps)
  Line 145:5 [Warning] React Hook useEffect has a missing dependency: 'getUserCart'. Either include it or remove the dependency array. (react-hooks/exhaustive-deps)

File: C:\Users\VIVEK\Downloads\VEBStore\5.oneCart\frontend\src\context\ThemeContext.jsx
  Line 1:32 [Error] 'useContext' is defined but never used. Allowed unused vars must match /^[A-Z_]/u. (no-unused-vars)
  Line 3:14 [Warning] Fast refresh only works when a file only exports components. Move your React context(s) to a separate file. (react-refresh/only-export-components)

File: C:\Users\VIVEK\Downloads\VEBStore\5.oneCart\frontend\src\context\UserContext.jsx
  Line 5:14 [Warning] Fast refresh only works when a file only exports components. Move your React context(s) to a separate file. (react-refresh/only-export-components)
  Line 30:7 [Warning] React Hook useEffect has a missing dependency: 'getCurrentUser'. Either include it or remove the dependency array. (react-hooks/exhaustive-deps)

File: C:\Users\VIVEK\Downloads\VEBStore\5.oneCart\frontend\src\pages\About.jsx
  Line 3:8 [Error] 'logo' is defined but never used. Allowed unused vars must match /^[A-Z_]/u. (no-unused-vars)

File: C:\Users\VIVEK\Downloads\VEBStore\5.oneCart\frontend\src\pages\AddProduct.jsx
  Line 12:9 [Error] 'navigate' is assigned a value but never used. Allowed unused vars must match /^[A-Z_]/u. (no-unused-vars)

File: C:\Users\VIVEK\Downloads\VEBStore\5.oneCart\frontend\src\pages\Admin.jsx
  Line 37:6 [Warning] React Hook useEffect has missing dependencies: 'fetchFilterOptions', 'fetchProducts', and 'fetchStats'. Either include them or remove the dependency array. (react-hooks/exhaustive-deps)
  Line 119:13 [Error] 'response' is assigned a value but never used. Allowed unused vars must match /^[A-Z_]/u. (no-unused-vars)

File: C:\Users\VIVEK\Downloads\VEBStore\5.oneCart\frontend\src\pages\AdminDashboard.jsx
  Line 35:6 [Warning] React Hook useEffect has missing dependencies: 'fetchFilterOptions', 'fetchProducts', and 'fetchStats'. Either include them or remove the dependency array. (react-hooks/exhaustive-deps)

File: C:\Users\VIVEK\Downloads\VEBStore\5.oneCart\frontend\src\pages\Collections.jsx
  Line 115:53 [Warning] React Hook useEffect has missing dependencies: 'products' and 'sortProducts'. Either include them or remove the dependency array. (react-hooks/exhaustive-deps)
  Line 117:52 [Warning] React Hook useEffect has missing dependencies: 'applyFilter' and 'products'. Either include them or remove the dependency array. (react-hooks/exhaustive-deps)
  Line 307:36 [Error] 'setSearch' is not defined. (no-undef)
  Line 313:36 [Error] 'setSearch' is not defined. (no-undef)

File: C:\Users\VIVEK\Downloads\VEBStore\5.oneCart\frontend\src\pages\Exchange.jsx
  Line 25:12 [Error] 'productsLoading' is assigned a value but never used. Allowed unused vars must match /^[A-Z_]/u. (no-unused-vars)
  Line 27:13 [Error] 'userData' is assigned a value but never used. Allowed unused vars must match /^[A-Z_]/u. (no-unused-vars)
  Line 57:42 [Error] 'index' is defined but never used. (no-unused-vars)
  Line 131:11 [Error] 'finalPrice' is assigned a value but never used. Allowed unused vars must match /^[A-Z_]/u. (no-unused-vars)

File: C:\Users\VIVEK\Downloads\VEBStore\5.oneCart\frontend\src\pages\Login-optimized.jsx
  Line 4:8 [Error] 'fashionBg' is defined but never used. Allowed unused vars must match /^[A-Z_]/u. (no-unused-vars)
  Line 97:15 [Error] 'result' is assigned a value but never used. Allowed unused vars must match /^[A-Z_]/u. (no-unused-vars)

File: C:\Users\VIVEK\Downloads\VEBStore\5.oneCart\frontend\src\pages\Login.jsx
  Line 4:8 [Error] 'fashionBg' is defined but never used. Allowed unused vars must match /^[A-Z_]/u. (no-unused-vars)
  Line 25:10 [Error] 'isForgotPass' is assigned a value but never used. Allowed unused vars must match /^[A-Z_]/u. (no-unused-vars)
  Line 28:10 [Error] 'otpSent' is assigned a value but never used. Allowed unused vars must match /^[A-Z_]/u. (no-unused-vars)
  Line 41:13 [Error] 'result' is assigned a value but never used. Allowed unused vars must match /^[A-Z_]/u. (no-unused-vars)
  Line 89:9 [Error] 'sendEmailOTP' is assigned a value but never used. Allowed unused vars must match /^[A-Z_]/u. (no-unused-vars)
  Line 108:9 [Error] 'handleResetPassword' is assigned a value but never used. Allowed unused vars must match /^[A-Z_]/u. (no-unused-vars)

File: C:\Users\VIVEK\Downloads\VEBStore\5.oneCart\frontend\src\pages\MyExchanges.jsx
  Line 44:11 [Error] 'getConditionColor' is assigned a value but never used. Allowed unused vars must match /^[A-Z_]/u. (no-unused-vars)
  Line 59:11 [Error] 'handleDeleteExchange' is assigned a value but never used. Allowed unused vars must match /^[A-Z_]/u. (no-unused-vars)

File: C:\Users\VIVEK\Downloads\VEBStore\5.oneCart\frontend\src\pages\Order.jsx
  Line 194:6 [Warning] React Hook useEffect has a missing dependency: 'loadOrderData'. Either include it or remove the dependency array. (react-hooks/exhaustive-deps)

File: C:\Users\VIVEK\Downloads\VEBStore\5.oneCart\frontend\src\pages\PlaceOrder.jsx
  Line 106:11 [Error] Unexpected lexical declaration in case block. (no-case-declarations)
  Line 124:11 [Error] Unexpected lexical declaration in case block. (no-case-declarations)

File: C:\Users\VIVEK\Downloads\VEBStore\5.oneCart\frontend\src\pages\ProductDetail.jsx
  Line 14:21 [Error] 'currency' is assigned a value but never used. Allowed unused vars must match /^[A-Z_]/u. (no-unused-vars)
  Line 53:6 [Warning] React Hook useEffect has a missing dependency: 'fetchProductData'. Either include it or remove the dependency array. (react-hooks/exhaustive-deps)

File: C:\Users\VIVEK\Downloads\VEBStore\5.oneCart\frontend\src\pages\Products.jsx
  Line 116:53 [Warning] React Hook useEffect has missing dependencies: 'products' and 'sortProducts'. Either include them or remove the dependency array. (react-hooks/exhaustive-deps)
  Line 118:52 [Warning] React Hook useEffect has missing dependencies: 'applyFilter' and 'products'. Either include them or remove the dependency array. (react-hooks/exhaustive-deps)

File: C:\Users\VIVEK\Downloads\VEBStore\5.oneCart\frontend\src\pages\Profile.jsx
  Line 69:19 [Error] 'res' is assigned a value but never used. Allowed unused vars must match /^[A-Z_]/u. (no-unused-vars)

File: C:\Users\VIVEK\Downloads\VEBStore\5.oneCart\frontend\src\pages\Registration-optimized.jsx
  Line 4:8 [Error] 'fashionBg' is defined but never used. Allowed unused vars must match /^[A-Z_]/u. (no-unused-vars)
  Line 103:15 [Error] 'result' is assigned a value but never used. Allowed unused vars must match /^[A-Z_]/u. (no-unused-vars)

File: C:\Users\VIVEK\Downloads\VEBStore\5.oneCart\frontend\src\pages\Registration.jsx
  Line 33:13 [Error] 'result' is assigned a value but never used. Allowed unused vars must match /^[A-Z_]/u. (no-unused-vars)

File: C:\Users\VIVEK\Downloads\VEBStore\5.oneCart\frontend\src\pages\Support.jsx
  Line 26:6 [Warning] React Hook useEffect has a missing dependency: 'fetchMessages'. Either include it or remove the dependency array. (react-hooks/exhaustive-deps)
